
Allocating common symbols
Common symbol       size              file

InBuffer            0x40              ..\obj\main.o
OutBuffer           0x3f              ..\obj\main.o
USB_OTG_dev         0x5f0             ..\obj\main.o
NVIC_InitStructure  0x4               ..\obj\stm32f4_discovery.o
USBD_StrDesc        0x3f              ..\obj\usbd_req.o

Discarded input sections

 .text          0x00000000        0x0 ..\obj\stm32f4xx_syscfg.o
 .data          0x00000000        0x0 ..\obj\stm32f4xx_syscfg.o
 .bss           0x00000000        0x0 ..\obj\stm32f4xx_syscfg.o
 .text.SYSCFG_DeInit
                0x00000000       0x1c ..\obj\stm32f4xx_syscfg.o
 .text.SYSCFG_MemoryRemapConfig
                0x00000000       0x20 ..\obj\stm32f4xx_syscfg.o
 .text.SYSCFG_ETH_MediaInterfaceConfig
                0x00000000       0x1c ..\obj\stm32f4xx_syscfg.o
 .text.SYSCFG_CompensationCellCmd
                0x00000000       0x20 ..\obj\stm32f4xx_syscfg.o
 .text.SYSCFG_GetCompensationCellStatus
                0x00000000       0x34 ..\obj\stm32f4xx_syscfg.o
 .text          0x00000000        0x0 ..\obj\usb_core.o
 .data          0x00000000        0x0 ..\obj\usb_core.o
 .bss           0x00000000        0x0 ..\obj\usb_core.o
 .text.USB_OTG_IsHostMode
                0x00000000       0x24 ..\obj\usb_core.o
 .text.USB_OTG_ReadOtgItr
                0x00000000       0x1c ..\obj\usb_core.o
 .text.USB_OTG_ActiveRemoteWakeup
                0x00000000       0x8c ..\obj\usb_core.o
 .text.USB_OTG_StopDevice
                0x00000000       0x80 ..\obj\usb_core.o
 .text.USB_OTG_GetEPStatus
                0x00000000       0xac ..\obj\usb_core.o
 .text.USB_OTG_SetEPStatus
                0x00000000      0x12c ..\obj\usb_core.o
 .text          0x00000000        0x0 ..\obj\stm32f4xx_sdio.o
 .data          0x00000000        0x0 ..\obj\stm32f4xx_sdio.o
 .bss           0x00000000        0x0 ..\obj\stm32f4xx_sdio.o
 .text.SDIO_DeInit
                0x00000000       0x1c ..\obj\stm32f4xx_sdio.o
 .text.SDIO_Init
                0x00000000       0x5c ..\obj\stm32f4xx_sdio.o
 .text.SDIO_StructInit
                0x00000000       0x38 ..\obj\stm32f4xx_sdio.o
 .text.SDIO_ClockCmd
                0x00000000       0x20 ..\obj\stm32f4xx_sdio.o
 .text.SDIO_SetPowerState
                0x00000000       0x1c ..\obj\stm32f4xx_sdio.o
 .text.SDIO_GetPowerState
                0x00000000       0x1c ..\obj\stm32f4xx_sdio.o
 .text.SDIO_SendCommand
                0x00000000       0x58 ..\obj\stm32f4xx_sdio.o
 .text.SDIO_CmdStructInit
                0x00000000       0x30 ..\obj\stm32f4xx_sdio.o
 .text.SDIO_GetCommandResponse
                0x00000000       0x18 ..\obj\stm32f4xx_sdio.o
 .text.SDIO_GetResponse
                0x00000000       0x28 ..\obj\stm32f4xx_sdio.o
 .text.SDIO_DataConfig
                0x00000000       0x5c ..\obj\stm32f4xx_sdio.o
 .text.SDIO_DataStructInit
                0x00000000       0x38 ..\obj\stm32f4xx_sdio.o
 .text.SDIO_GetDataCounter
                0x00000000       0x18 ..\obj\stm32f4xx_sdio.o
 .text.SDIO_ReadData
                0x00000000       0x18 ..\obj\stm32f4xx_sdio.o
 .text.SDIO_WriteData
                0x00000000       0x20 ..\obj\stm32f4xx_sdio.o
 .text.SDIO_GetFIFOCount
                0x00000000       0x18 ..\obj\stm32f4xx_sdio.o
 .text.SDIO_StartSDIOReadWait
                0x00000000       0x20 ..\obj\stm32f4xx_sdio.o
 .text.SDIO_StopSDIOReadWait
                0x00000000       0x20 ..\obj\stm32f4xx_sdio.o
 .text.SDIO_SetSDIOReadWaitMode
                0x00000000       0x1c ..\obj\stm32f4xx_sdio.o
 .text.SDIO_SetSDIOOperation
                0x00000000       0x20 ..\obj\stm32f4xx_sdio.o
 .text.SDIO_SendSDIOSuspendCmd
                0x00000000       0x20 ..\obj\stm32f4xx_sdio.o
 .text.SDIO_CommandCompletionCmd
                0x00000000       0x20 ..\obj\stm32f4xx_sdio.o
 .text.SDIO_CEATAITCmd
                0x00000000       0x2c ..\obj\stm32f4xx_sdio.o
 .text.SDIO_SendCEATACmd
                0x00000000       0x20 ..\obj\stm32f4xx_sdio.o
 .text.SDIO_DMACmd
                0x00000000       0x20 ..\obj\stm32f4xx_sdio.o
 .text.SDIO_ITConfig
                0x00000000       0x3c ..\obj\stm32f4xx_sdio.o
 .text.SDIO_GetFlagStatus
                0x00000000       0x34 ..\obj\stm32f4xx_sdio.o
 .text.SDIO_ClearFlag
                0x00000000       0x1c ..\obj\stm32f4xx_sdio.o
 .text.SDIO_GetITStatus
                0x00000000       0x34 ..\obj\stm32f4xx_sdio.o
 .text.SDIO_ClearITPendingBit
                0x00000000       0x1c ..\obj\stm32f4xx_sdio.o
 .debug_info    0x00000000      0x7f5 ..\obj\stm32f4xx_sdio.o
 .debug_abbrev  0x00000000      0x177 ..\obj\stm32f4xx_sdio.o
 .debug_aranges
                0x00000000      0x108 ..\obj\stm32f4xx_sdio.o
 .debug_ranges  0x00000000       0xf8 ..\obj\stm32f4xx_sdio.o
 .debug_line    0x00000000      0x4b5 ..\obj\stm32f4xx_sdio.o
 .debug_str     0x00000000      0x659 ..\obj\stm32f4xx_sdio.o
 .comment       0x00000000       0x71 ..\obj\stm32f4xx_sdio.o
[...]
Memory Configuration

Name             Origin             Length             Attributes
rom              0x08000000         0x00100000         xr
ram              0x20000000         0x00020000         xrw
ram1             0x10000000         0x00010000         xrw
*default*        0x00000000         0xffffffff

Linker script and memory map

                0x20020000                _eram = 0x20020000

.text           0x08000000     0x4a1a
 *(.isr_vector)
 .isr_vector    0x08000000      0x188 ..\obj\startup_stm32f4xx.o
                0x08000000                g_pfnVectors
 *(.text*)
 .text.SYSCFG_EXTILineConfig
                0x08000188       0x84 ..\obj\stm32f4xx_syscfg.o
                0x08000188                SYSCFG_EXTILineConfig
 .text.USB_OTG_EnableCommonInt
                0x0800020c       0x44 ..\obj\usb_core.o
 .text.USB_OTG_CoreReset
                0x08000250       0x8c ..\obj\usb_core.o
 .text.USB_OTG_WritePacket
                0x080002dc       0x78 ..\obj\usb_core.o
                0x080002dc                USB_OTG_WritePacket
 .text.USB_OTG_ReadPacket
                0x08000354       0x58 ..\obj\usb_core.o
                0x08000354                USB_OTG_ReadPacket
 .text.USB_OTG_SelectCore
                0x080003ac      0x174 ..\obj\usb_core.o
                0x080003ac                USB_OTG_SelectCore
 .text.USB_OTG_CoreInit
                0x08000520      0x1dc ..\obj\usb_core.o
                0x08000520                USB_OTG_CoreInit
 .text.USB_OTG_EnableGlobalInt
                0x080006fc       0x38 ..\obj\usb_core.o
                0x080006fc                USB_OTG_EnableGlobalInt
 .text.USB_OTG_DisableGlobalInt
                0x08000734       0x38 ..\obj\usb_core.o
                0x08000734                USB_OTG_DisableGlobalInt
 .text.USB_OTG_FlushTxFifo
                0x0800076c       0x7c ..\obj\usb_core.o
                0x0800076c                USB_OTG_FlushTxFifo
 .text.USB_OTG_FlushRxFifo
                0x080007e8       0x60 ..\obj\usb_core.o
                0x080007e8                USB_OTG_FlushRxFifo
 .text.USB_OTG_SetCurrentMode
                0x08000848       0x60 ..\obj\usb_core.o
                0x08000848                USB_OTG_SetCurrentMode
 .text.USB_OTG_GetMode
                0x080008a8       0x20 ..\obj\usb_core.o
                0x080008a8                USB_OTG_GetMode
 .text.USB_OTG_IsDeviceMode
                0x080008c8       0x24 ..\obj\usb_core.o
                0x080008c8                USB_OTG_IsDeviceMode
 .text.USB_OTG_ReadCoreItr
                0x080008ec       0x30 ..\obj\usb_core.o
                0x080008ec                USB_OTG_ReadCoreItr
 .text.USB_OTG_InitDevSpeed
                0x0800091c       0x38 ..\obj\usb_core.o
                0x0800091c                USB_OTG_InitDevSpeed
 .text.USB_OTG_CoreInitDev
                0x08000954      0x264 ..\obj\usb_core.o
                0x08000954                USB_OTG_CoreInitDev
 .text.USB_OTG_EnableDevInt
                0x08000bb8       0x98 ..\obj\usb_core.o
                0x08000bb8                USB_OTG_EnableDevInt
 .text.USB_OTG_GetDeviceSpeed
                0x08000c50       0x48 ..\obj\usb_core.o
                0x08000c50                USB_OTG_GetDeviceSpeed
 .text.USB_OTG_EP0Activate
                0x08000c98       0x78 ..\obj\usb_core.o
                0x08000c98                USB_OTG_EP0Activate
 .text.USB_OTG_EPActivate
                0x08000d10       0xdc ..\obj\usb_core.o
                0x08000d10                USB_OTG_EPActivate
 .text.USB_OTG_EPDeactivate
                0x08000dec       0x8c ..\obj\usb_core.o
                0x08000dec                USB_OTG_EPDeactivate
 .text.USB_OTG_EPStartXfer
                0x08000e78      0x280 ..\obj\usb_core.o
                0x08000e78                USB_OTG_EPStartXfer
 .text.USB_OTG_EP0StartXfer
                0x080010f8      0x1d4 ..\obj\usb_core.o
                0x080010f8                USB_OTG_EP0StartXfer
 .text.USB_OTG_EPSetStall
                0x080012cc       0x88 ..\obj\usb_core.o
                0x080012cc                USB_OTG_EPSetStall
 .text.USB_OTG_EPClearStall
                0x08001354       0x78 ..\obj\usb_core.o
                0x08001354                USB_OTG_EPClearStall
 .text.USB_OTG_ReadDevAllOutEp_itr
                0x080013cc       0x2c ..\obj\usb_core.o
                0x080013cc                USB_OTG_ReadDevAllOutEp_itr
 .text.USB_OTG_ReadDevOutEP_itr
                0x080013f8       0x38 ..\obj\usb_core.o
                0x080013f8                USB_OTG_ReadDevOutEP_itr
 .text.USB_OTG_ReadDevAllInEPItr
                0x08001430       0x2c ..\obj\usb_core.o
                0x08001430                USB_OTG_ReadDevAllInEPItr
 .text.USB_OTG_EP0_OutStart
                0x0800145c       0x70 ..\obj\usb_core.o
                0x0800145c                USB_OTG_EP0_OutStart
 .text.USB_OTG_UngateClock
                0x080014cc       0x54 ..\obj\usb_core.o
                0x080014cc                USB_OTG_UngateClock
 .text.USBD_USR_Init
                0x08001520        0xc ..\obj\usbd_usr.o
                0x08001520                USBD_USR_Init
 .text.USBD_USR_DeviceReset
                0x0800152c       0x14 ..\obj\usbd_usr.o
                0x0800152c                USBD_USR_DeviceReset
 .text.USBD_USR_DeviceConfigured
                0x08001540        0xc ..\obj\usbd_usr.o
                0x08001540                USBD_USR_DeviceConfigured
 .text.USBD_USR_DeviceSuspended
                0x0800154c        0xc ..\obj\usbd_usr.o
                0x0800154c                USBD_USR_DeviceSuspended
 .text.USBD_USR_DeviceResumed
                0x08001558        0xc ..\obj\usbd_usr.o
                0x08001558                USBD_USR_DeviceResumed
 .text.Default_Reset_Handler
                0x08001564       0x6c ..\obj\startup_stm32f4xx.o
                0x08001564                Default_Reset_Handler
                0x08001564                Reset_Handler
 .text.Default_Handler
                0x080015d0        0x8 ..\obj\startup_stm32f4xx.o
                0x080015d0                RTC_Alarm_IRQHandler
                0x080015d0                HASH_RNG_IRQHandler
                0x080015d0                EXTI2_IRQHandler
                0x080015d0                TIM8_CC_IRQHandler
                0x080015d0                TIM1_CC_IRQHandler
                0x080015d0                DMA2_Stream5_IRQHandler
                0x080015d0                DMA1_Stream5_IRQHandler
                0x080015d0                PVD_IRQHandler
                0x080015d0                SDIO_IRQHandler
                0x080015d0                TAMP_STAMP_IRQHandler
                0x080015d0                CAN2_RX1_IRQHandler
                0x080015d0                EXTI3_IRQHandler
                0x080015d0                TIM8_TRG_COM_TIM14_IRQHandler
                0x080015d0                TIM1_UP_TIM10_IRQHandler
                0x080015d0                TIM8_UP_TIM13_IRQHandler
                0x080015d0                I2C3_ER_IRQHandler
                0x080015d0                EXTI0_IRQHandler
                0x080015d0                I2C2_EV_IRQHandler
                0x080015d0                DMA1_Stream2_IRQHandler
                0x080015d0                CAN1_RX0_IRQHandler
                0x080015d0                FPU_IRQHandler
                0x080015d0                OTG_HS_WKUP_IRQHandler
                0x080015d0                CAN2_SCE_IRQHandler
                0x080015d0                DMA2_Stream2_IRQHandler
                0x080015d0                SPI1_IRQHandler
                0x080015d0                TIM6_DAC_IRQHandler
                0x080015d0                TIM1_BRK_TIM9_IRQHandler
                0x080015d0                DCMI_IRQHandler
                0x080015d0                CAN2_RX0_IRQHandler
                0x080015d0                DMA2_Stream3_IRQHandler
                0x080015d0                USART6_IRQHandler
                0x080015d0                USART3_IRQHandler
                0x080015d0                CRYP_IRQHandler
                0x080015d0                CAN1_RX1_IRQHandler
                0x080015d0                UART5_IRQHandler
                0x080015d0                DMA2_Stream0_IRQHandler
                0x080015d0                TIM4_IRQHandler
                0x080015d0                I2C1_EV_IRQHandler
                0x080015d0                DMA1_Stream6_IRQHandler
                0x080015d0                DMA1_Stream1_IRQHandler
                0x080015d0                UART4_IRQHandler
                0x080015d0                TIM3_IRQHandler
                0x080015d0                RCC_IRQHandler
                0x080015d0                TIM8_BRK_TIM12_IRQHandler
                0x080015d0                EXTI15_10_IRQHandler
                0x080015d0                ADC_IRQHandler
                0x080015d0                DMA1_Stream7_IRQHandler
                0x080015d0                TIM7_IRQHandler
                0x080015d0                CAN2_TX_IRQHandler
                0x080015d0                TIM5_IRQHandler
                0x080015d0                DMA2_Stream7_IRQHandler
                0x080015d0                I2C3_EV_IRQHandler
                0x080015d0                EXTI9_5_IRQHandler
                0x080015d0                RTC_WKUP_IRQHandler
                0x080015d0                ETH_WKUP_IRQHandler
                0x080015d0                SPI2_IRQHandler
                0x080015d0                OTG_HS_EP1_IN_IRQHandler
                0x080015d0                CAN1_TX_IRQHandler
                0x080015d0                EXTI4_IRQHandler
                0x080015d0                FSMC_IRQHandler
                0x080015d0                ETH_IRQHandler
                0x080015d0                OTG_HS_EP1_OUT_IRQHandler
                0x080015d0                WWDG_IRQHandler
                0x080015d0                TIM2_IRQHandler
                0x080015d0                TIM1_TRG_COM_TIM11_IRQHandler
                0x080015d0                OTG_HS_IRQHandler
                0x080015d0                EXTI1_IRQHandler
                0x080015d0                USART2_IRQHandler
                0x080015d0                I2C2_ER_IRQHandler
                0x080015d0                DMA2_Stream1_IRQHandler
                0x080015d0                CAN1_SCE_IRQHandler
                0x080015d0                FLASH_IRQHandler
                0x080015d0                DMA2_Stream4_IRQHandler
                0x080015d0                USART1_IRQHandler
                0x080015d0                SPI3_IRQHandler
                0x080015d0                DMA1_Stream4_IRQHandler
                0x080015d0                I2C1_ER_IRQHandler
                0x080015d0                DMA2_Stream6_IRQHandler
                0x080015d0                DMA1_Stream3_IRQHandler
 .text.STM32F4_Discovery_LEDInit
                0x080015d8       0x5c ..\obj\stm32f4_discovery.o
                0x080015d8                STM32F4_Discovery_LEDInit
 .text.STM32F4_Discovery_LEDOn
                0x08001634       0x30 ..\obj\stm32f4_discovery.o
                0x08001634                STM32F4_Discovery_LEDOn
 .text.STM32F4_Discovery_LEDOff
                0x08001664       0x30 ..\obj\stm32f4_discovery.o
                0x08001664                STM32F4_Discovery_LEDOff
 .text.STM32F4_Discovery_PBInit
                0x08001694       0x94 ..\obj\stm32f4_discovery.o
                0x08001694                STM32F4_Discovery_PBInit
 .text.USBD_HID_Init
                0x08001728       0x40 ..\obj\usbd_hid_core.o
 .text.USBD_HID_DeInit
                0x08001768       0x28 ..\obj\usbd_hid_core.o
 .text.USBD_HID_Setup
                0x08001790      0x134 ..\obj\usbd_hid_core.o
 .text.USBD_HID_GetCfgDesc
                0x080018c4       0x24 ..\obj\usbd_hid_core.o
 .text.USBD_HID_DataIn
                0x080018e8       0x20 ..\obj\usbd_hid_core.o
 .text.USBD_HID_DataOut
                0x08001908       0x54 ..\obj\usbd_hid_core.o
 .text.USBD_Init
                0x0800195c       0x54 ..\obj\usbd_core.o
                0x0800195c                USBD_Init
 .text.USBD_DeInit
                0x080019b0       0x18 ..\obj\usbd_core.o
                0x080019b0                USBD_DeInit
 .text.USBD_SetupStage
                0x080019c8       0x6c ..\obj\usbd_core.o
 .text.USBD_DataOutStage
                0x08001a34       0xcc ..\obj\usbd_core.o
 .text.USBD_DataInStage
                0x08001b00      0x104 ..\obj\usbd_core.o
 .text.USBD_Reset
                0x08001c04       0x44 ..\obj\usbd_core.o
 .text.USBD_Resume
                0x08001c48       0x24 ..\obj\usbd_core.o
 .text.USBD_Suspend
                0x08001c6c       0x24 ..\obj\usbd_core.o
 .text.USBD_SOF
                0x08001c90       0x2c ..\obj\usbd_core.o
 .text.USBD_SetCfg
                0x08001cbc       0x30 ..\obj\usbd_core.o
                0x08001cbc                USBD_SetCfg
 .text.USBD_ClrCfg
                0x08001cec       0x28 ..\obj\usbd_core.o
                0x08001cec                USBD_ClrCfg
 .text.USBD_IsoINIncomplete
                0x08001d14       0x20 ..\obj\usbd_core.o
 .text.USBD_IsoOUTIncomplete
                0x08001d34       0x20 ..\obj\usbd_core.o
 .text.main     0x08001d54      0x19c ..\obj\main.o
                0x08001d54                main
 .text.Init_ADC_Reading
                0x08001ef0      0x150 ..\obj\main.o
                0x08001ef0                Init_ADC_Reading
 .text.Delay    0x08002040       0x20 ..\obj\main.o
                0x08002040                Delay
 .text.RCC_AHB1PeriphClockCmd
                0x08002060       0x3c ..\obj\stm32f4xx_rcc.o
                0x08002060                RCC_AHB1PeriphClockCmd
 .text.RCC_AHB2PeriphClockCmd
                0x0800209c       0x3c ..\obj\stm32f4xx_rcc.o
                0x0800209c                RCC_AHB2PeriphClockCmd
 .text.RCC_APB2PeriphClockCmd
                0x080020d8       0x3c ..\obj\stm32f4xx_rcc.o
                0x080020d8                RCC_APB2PeriphClockCmd
 .text.RCC_APB1PeriphResetCmd
                0x08002114       0x3c ..\obj\stm32f4xx_rcc.o
                0x08002114                RCC_APB1PeriphResetCmd
 .text.RCC_APB2PeriphResetCmd
                0x08002150       0x3c ..\obj\stm32f4xx_rcc.o
                0x08002150                RCC_APB2PeriphResetCmd
 .text.NMI_Handler
                0x0800218c        0xc ..\obj\stm32f4xx_it.o
                0x0800218c                NMI_Handler
 .text.HardFault_Handler
                0x08002198        0x8 ..\obj\stm32f4xx_it.o
                0x08002198                HardFault_Handler
 .text.MemManage_Handler
                0x080021a0        0x8 ..\obj\stm32f4xx_it.o
                0x080021a0                MemManage_Handler
 .text.BusFault_Handler
                0x080021a8        0x8 ..\obj\stm32f4xx_it.o
                0x080021a8                BusFault_Handler
 .text.UsageFault_Handler
                0x080021b0        0x8 ..\obj\stm32f4xx_it.o
                0x080021b0                UsageFault_Handler
 .text.SVC_Handler
                0x080021b8        0xc ..\obj\stm32f4xx_it.o
                0x080021b8                SVC_Handler
 .text.DebugMon_Handler
                0x080021c4        0xc ..\obj\stm32f4xx_it.o
                0x080021c4                DebugMon_Handler
 .text.PendSV_Handler
                0x080021d0        0xc ..\obj\stm32f4xx_it.o
                0x080021d0                PendSV_Handler
 .text.SysTick_Handler
                0x080021dc        0xc ..\obj\stm32f4xx_it.o
                0x080021dc                SysTick_Handler
 .text.OTG_FS_WKUP_IRQHandler
                0x080021e8       0x34 ..\obj\stm32f4xx_it.o
                0x080021e8                OTG_FS_WKUP_IRQHandler
 .text.OTG_FS_IRQHandler
                0x0800221c       0x10 ..\obj\stm32f4xx_it.o
                0x0800221c                OTG_FS_IRQHandler
 .text.DMA1_Stream0_IRQHandler
                0x0800222c       0x38 ..\obj\stm32f4xx_it.o
                0x0800222c                DMA1_Stream0_IRQHandler
 .text.ADC_DeInit
                0x08002264       0x1c ..\obj\stm32f4xx_adc.o
                0x08002264                ADC_DeInit
 .text.ADC_Init
                0x08002280       0xa8 ..\obj\stm32f4xx_adc.o
                0x08002280                ADC_Init
 .text.ADC_CommonInit
                0x08002328       0x50 ..\obj\stm32f4xx_adc.o
                0x08002328                ADC_CommonInit
 .text.ADC_Cmd  0x08002378       0x38 ..\obj\stm32f4xx_adc.o
                0x08002378                ADC_Cmd
 .text.ADC_RegularChannelConfig
                0x080023b0      0x194 ..\obj\stm32f4xx_adc.o
                0x080023b0                ADC_RegularChannelConfig
 .text.ADC_SoftwareStartConv
                0x08002544       0x20 ..\obj\stm32f4xx_adc.o
                0x08002544                ADC_SoftwareStartConv
 .text.ADC_DMACmd
                0x08002564       0x38 ..\obj\stm32f4xx_adc.o
                0x08002564                ADC_DMACmd
 .text.ADC_DMARequestAfterLastTransferCmd
                0x0800259c       0x38 ..\obj\stm32f4xx_adc.o
                0x0800259c                ADC_DMARequestAfterLastTransferCmd
 .text.USBD_USR_DeviceDescriptor
                0x080025d4       0x24 ..\obj\usbd_desc.o
                0x080025d4                USBD_USR_DeviceDescriptor
 .text.USBD_USR_LangIDStrDescriptor
                0x080025f8       0x24 ..\obj\usbd_desc.o
                0x080025f8                USBD_USR_LangIDStrDescriptor
 .text.USBD_USR_ProductStrDescriptor
                0x0800261c       0x40 ..\obj\usbd_desc.o
                0x0800261c                USBD_USR_ProductStrDescriptor
 .text.USBD_USR_ManufacturerStrDescriptor
                0x0800265c       0x28 ..\obj\usbd_desc.o
                0x0800265c                USBD_USR_ManufacturerStrDescriptor
 .text.USBD_USR_SerialStrDescriptor
                0x08002684       0x40 ..\obj\usbd_desc.o
                0x08002684                USBD_USR_SerialStrDescriptor
 .text.USBD_USR_ConfigStrDescriptor
                0x080026c4       0x3c ..\obj\usbd_desc.o
                0x080026c4                USBD_USR_ConfigStrDescriptor
 .text.USBD_USR_InterfaceStrDescriptor
                0x08002700       0x3c ..\obj\usbd_desc.o
                0x08002700                USBD_USR_InterfaceStrDescriptor
 .text.GPIO_Init
                0x0800273c      0x11c ..\obj\stm32f4xx_gpio.o
                0x0800273c                GPIO_Init
 .text.GPIO_PinAFConfig
                0x08002858       0x90 ..\obj\stm32f4xx_gpio.o
                0x08002858                GPIO_PinAFConfig
 .text.SystemInit
                0x080028e8       0x58 ..\obj\system_stm32f4xx.o
                0x080028e8                SystemInit
 .text.SetSysClock
                0x08002940       0xf4 ..\obj\system_stm32f4xx.o
 .text.DMA_DeInit
                0x08002a34      0x1a4 ..\obj\stm32f4xx_dma.o
                0x08002a34                DMA_DeInit
 .text.DMA_Init
                0x08002bd8       0xac ..\obj\stm32f4xx_dma.o
                0x08002bd8                DMA_Init
 .text.DMA_ITConfig
                0x08002c84       0x74 ..\obj\stm32f4xx_dma.o
                0x08002c84                DMA_ITConfig
 .text.DMA_ClearITPendingBit
                0x08002cf8       0x5c ..\obj\stm32f4xx_dma.o
                0x08002cf8                DMA_ClearITPendingBit
 .text.USB_OTG_BSP_Init
                0x08002d54       0xb0 ..\obj\usb_bsp.o
                0x08002d54                USB_OTG_BSP_Init
 .text.USB_OTG_BSP_EnableInterrupt
                0x08002e04       0x30 ..\obj\usb_bsp.o
                0x08002e04                USB_OTG_BSP_EnableInterrupt
 .text.USB_OTG_BSP_uDelay
                0x08002e34       0x48 ..\obj\usb_bsp.o
                0x08002e34                USB_OTG_BSP_uDelay
 .text.USB_OTG_BSP_mDelay
                0x08002e7c       0x20 ..\obj\usb_bsp.o
                0x08002e7c                USB_OTG_BSP_mDelay
 .text.USBD_StdDevReq
                0x08002e9c       0xa0 ..\obj\usbd_req.o
                0x08002e9c                USBD_StdDevReq
 .text.USBD_StdItfReq
                0x08002f3c       0x68 ..\obj\usbd_req.o
                0x08002f3c                USBD_StdItfReq
 .text.USBD_StdEPReq
                0x08002fa4      0x1b0 ..\obj\usbd_req.o
                0x08002fa4                USBD_StdEPReq
 .text.USBD_GetDescriptor
                0x08003154      0x1b8 ..\obj\usbd_req.o
 .text.USBD_SetAddress
                0x0800330c       0x7c ..\obj\usbd_req.o
 .text.USBD_SetConfig
                0x08003388       0xf4 ..\obj\usbd_req.o
 .text.USBD_GetConfig
                0x0800347c       0x60 ..\obj\usbd_req.o
 .text.USBD_GetStatus
                0x080034dc       0x50 ..\obj\usbd_req.o
 .text.USBD_SetFeature
                0x0800352c       0xcc ..\obj\usbd_req.o
 .text.USBD_ClrFeature
                0x080035f8       0x50 ..\obj\usbd_req.o
 .text.USBD_ParseSetupRequest
                0x08003648       0x90 ..\obj\usbd_req.o
                0x08003648                USBD_ParseSetupRequest
 .text.USBD_CtlError
                0x080036d8       0x48 ..\obj\usbd_req.o
                0x080036d8                USBD_CtlError
 .text.USBD_GetString
                0x08003720       0x84 ..\obj\usbd_req.o
                0x08003720                USBD_GetString
 .text.USBD_GetLen
                0x080037a4       0x30 ..\obj\usbd_req.o
 .text.USBD_OTG_ISR_Handler
                0x080037d4      0x15c ..\obj\usb_dcd_int.o
                0x080037d4                USBD_OTG_ISR_Handler
 .text.DCD_HandleResume_ISR
                0x08003930       0x80 ..\obj\usb_dcd_int.o
 .text.DCD_HandleUSBSuspend_ISR
                0x080039b0       0x9c ..\obj\usb_dcd_int.o
 .text.DCD_HandleInEP_ISR
                0x08003a4c      0x1ec ..\obj\usb_dcd_int.o
 .text.DCD_HandleOutEP_ISR
                0x08003c38      0x178 ..\obj\usb_dcd_int.o
 .text.DCD_HandleSof_ISR
                0x08003db0       0x34 ..\obj\usb_dcd_int.o
 .text.DCD_HandleRxStatusQueueLevel_ISR
                0x08003de4      0x104 ..\obj\usb_dcd_int.o
 .text.DCD_WriteEmptyTxFifo
                0x08003ee8       0xe4 ..\obj\usb_dcd_int.o
 .text.DCD_HandleUsbReset_ISR
                0x08003fcc      0x138 ..\obj\usb_dcd_int.o
 .text.DCD_HandleEnumDone_ISR
                0x08004104       0x78 ..\obj\usb_dcd_int.o
 .text.DCD_IsoINIncomplete_ISR
                0x0800417c       0x34 ..\obj\usb_dcd_int.o
 .text.DCD_IsoOUTIncomplete_ISR
                0x080041b0       0x34 ..\obj\usb_dcd_int.o
 .text.DCD_ReadDevInEP
                0x080041e4       0x50 ..\obj\usb_dcd_int.o
 .text.EXTI_Init
                0x08004234       0xe4 ..\obj\stm32f4xx_exti.o
                0x08004234                EXTI_Init
 .text.EXTI_ClearITPendingBit
                0x08004318       0x1c ..\obj\stm32f4xx_exti.o
                0x08004318                EXTI_ClearITPendingBit
 .text.NVIC_PriorityGroupConfig
                0x08004334       0x24 ..\obj\misc.o
                0x08004334                NVIC_PriorityGroupConfig
 .text.NVIC_Init
                0x08004358       0xc0 ..\obj\misc.o
                0x08004358                NVIC_Init
 .text.DCD_Init
                0x08004418      0x100 ..\obj\usb_dcd.o
                0x08004418                DCD_Init
 .text.DCD_EP_Open
                0x08004518       0xa8 ..\obj\usb_dcd.o
                0x08004518                DCD_EP_Open
 .text.DCD_EP_Close
                0x080045c0       0x70 ..\obj\usb_dcd.o
                0x080045c0                DCD_EP_Close
 .text.DCD_EP_PrepareRx
                0x08004630       0x84 ..\obj\usb_dcd.o
                0x08004630                DCD_EP_PrepareRx
 .text.DCD_EP_Tx
                0x080046b4       0x78 ..\obj\usb_dcd.o
                0x080046b4                DCD_EP_Tx
 .text.DCD_EP_Stall
                0x0800472c       0x74 ..\obj\usb_dcd.o
                0x0800472c                DCD_EP_Stall
 .text.DCD_EP_ClrStall
                0x080047a0       0x74 ..\obj\usb_dcd.o
                0x080047a0                DCD_EP_ClrStall
 .text.DCD_EP_Flush
                0x08004814       0x34 ..\obj\usb_dcd.o
                0x08004814                DCD_EP_Flush
 .text.DCD_EP_SetAddress
                0x08004848       0x3c ..\obj\usb_dcd.o
                0x08004848                DCD_EP_SetAddress
 .text.USBD_CtlSendData
                0x08004884       0x40 ..\obj\usbd_ioreq.o
                0x08004884                USBD_CtlSendData
 .text.USBD_CtlContinueSendData
                0x080048c4       0x28 ..\obj\usbd_ioreq.o
                0x080048c4                USBD_CtlContinueSendData
 .text.USBD_CtlContinueRx
                0x080048ec       0x28 ..\obj\usbd_ioreq.o
                0x080048ec                USBD_CtlContinueRx
 .text.USBD_CtlSendStatus
                0x08004914       0x30 ..\obj\usbd_ioreq.o
                0x08004914                USBD_CtlSendStatus
 .text.USBD_CtlReceiveStatus
                0x08004944       0x30 ..\obj\usbd_ioreq.o
                0x08004944                USBD_CtlReceiveStatus
 *(.init)
 *(.fini)
 *crtbegin.o(.ctors)
 *crtbegin?.o(.ctors)
 *(EXCLUDE_FILE(*crtend.o *crtend?.o) .ctors)
 *(SORT(.ctors.*))
 *(.ctors)
 *crtbegin.o(.dtors)
 *crtbegin?.o(.dtors)
 *(EXCLUDE_FILE(*crtend.o *crtend?.o) .dtors)
 *(SORT(.dtors.*))
 *(.dtors)
 *(.rodata*)
 .rodata        0x08004974       0x2d ..\obj\stm32f4_discovery.o
                0x08004974                GPIO_PIN
                0x0800497c                GPIO_CLK
                0x0800498c                BUTTON_PIN
                0x08004990                BUTTON_CLK
                0x08004994                BUTTON_EXTI_LINE
                0x08004998                BUTTON_PORT_SOURCE
                0x0800499c                BUTTON_PIN_SOURCE
                0x080049a0                BUTTON_IRQn
 *fill*         0x080049a1        0x3 
 .rodata        0x080049a4       0x76 ..\obj\usbd_desc.o
 *(.eh_fram e*)

.glue_7         0x08004a1c        0x0
 .glue_7        0x00000000        0x0 linker stubs

.glue_7t        0x08004a1c        0x0
 .glue_7t       0x00000000        0x0 linker stubs

.vfp11_veneer   0x08004a1c        0x0
 .vfp11_veneer  0x00000000        0x0 linker stubs

.v4_bx          0x08004a1c        0x0
 .v4_bx         0x00000000        0x0 linker stubs

.iplt           0x08004a1c        0x0
 .iplt          0x00000000        0x0 ..\obj\stm32f4xx_syscfg.o

.rel.dyn        0x08004a1c        0x0
 .rel.iplt      0x00000000        0x0 ..\obj\stm32f4xx_syscfg.o

.ARM.extab
 *(.ARM.extab* .gnu.linkonce.armextab.*)
                0x08004a1c                __exidx_start = .

.ARM.exidx
 *(.ARM.exidx* .gnu.linkonce.armexidx.*)
                0x08004a1c                __exidx_end = .
                0x08004a1c                __etext = .
                0x08004a1a                _sidata = __etext

.data           0x20000000      0x110 load address 0x08004a1a
                0x20000000                __data_start__ = .
                0x20000000                _sdata = __data_start__
 *(vtable)
 *(.data*)
 .data          0x20000000       0x1c ..\obj\usbd_usr.o
                0x20000000                USR_cb
 .data          0x2000001c       0x14 ..\obj\stm32f4_discovery.o
                0x2000001c                GPIO_PORT
                0x2000002c                BUTTON_PORT
 .data          0x20000030       0x6f ..\obj\usbd_hid_core.o
                0x20000030                USBD_HID_cb
 *fill*         0x2000009f        0x1 
 .data          0x200000a0       0x30 ..\obj\usbd_core.o
                0x200000a0                USBD_DCD_INT_cb
                0x200000cc                USBD_DCD_INT_fops
 .data          0x200000d0       0x40 ..\obj\usbd_desc.o
                0x200000d0                USR_desc
                0x200000ec                USBD_DeviceDesc
                0x20000100                USBD_DeviceQualifierDesc
                0x2000010c                USBD_LangIDDesc
                0x20000110                . = ALIGN (0x4)
                0x20000110                PROVIDE (__preinit_array_start, .)
 *(.preinit_array)
                0x20000110                PROVIDE (__preinit_array_end, .)
                0x20000110                . = ALIGN (0x4)
                0x20000110                PROVIDE (__init_array_start, .)
 *(SORT(.init_array.*))
 *(.init_array)
                0x20000110                PROVIDE (__init_array_end, .)
                0x20000110                . = ALIGN (0x4)
                0x20000110                PROVIDE (__fini_array_start, .)
 *(SORT(.fini_array.*))
 *(.fini_array)
                0x20000110                PROVIDE (__fini_array_end, .)
 *(.jcr*)
                0x20000110                . = ALIGN (0x4)
                0x20000110                __data_end__ = .
                0x20000110                _edata = __data_end__

.igot.plt       0x20000110        0x0 load address 0x08004b2c
 .igot.plt      0x00000000        0x0 ..\obj\stm32f4xx_syscfg.o

.bss            0x20000110      0x718 load address 0x08004b2c
                0x20000110                . = ALIGN (0x4)
                0x20000110                __bss_start__ = .
                0x20000110                _sbss = __bss_start__
 *(.bss*)
 .bss           0x20000110       0x4b ..\obj\usbd_hid_core.o
 *fill*         0x2000015b        0x1 
 .bss           0x2000015c        0x9 ..\obj\main.o
                0x2000015c                ADC_ConvertedValueX
                0x20000160                ADC_ConvertedValueX_1
                0x20000164                UserButtonPressed
 *fill*         0x20000165        0x3 
 .bss           0x20000168        0xd ..\obj\usbd_req.o
                0x20000168                USBD_ep_status
                0x2000016c                USBD_default_cfg
                0x20000170                USBD_cfg_status
 *(COMMON)
 *fill*         0x20000175        0x3 
 COMMON         0x20000178      0x670 ..\obj\main.o
                0x20000178                InBuffer
                0x200001b8                OutBuffer
                0x200001f8                USB_OTG_dev
 COMMON         0x200007e8       0x3f ..\obj\usbd_req.o
                0x200007e8                USBD_StrDesc
                0x20000828                . = ALIGN (0x4)
 *fill*         0x20000827        0x1 
                0x20000828                __bss_end__ = .
                0x20000828                _ebss = __bss_end__

.heap           0x20000828        0x0
                0x20000828                __end__ = .
                0x20000828                _end = __end__
                0x20000828                end = __end__
 *(.heap*)
                0x20000828                __HeapLimit = .

.co_stack       0x20000828      0x800 load address 0x08005244
                0x20000828                . = ALIGN (0x8)
 *(.co_stack .co_stack.*)
 .co_stack      0x20000828      0x800 ..\obj\startup_stm32f4xx.o
                0x20000828                pulStack
                0x20020000                __StackTop = (ORIGIN (ram) + 0x20000)
                0x2001f800                __StackLimit = (__StackTop - SIZEOF (.co_stack))
                0x20020000                PROVIDE (__stack, __StackTop)
                0x00000001                ASSERT ((__StackLimit >= __HeapLimit), region ram  overflowed with stack)
LOAD ..\obj\stm32f4xx_syscfg.o
LOAD ..\obj\usb_core.o
LOAD ..\obj\stm32f4xx_sdio.o
LOAD ..\obj\stm32f4xx_cryp_aes.o
LOAD ..\obj\stm32f4xx_hash.o
LOAD ..\obj\usbd_usr.o
LOAD ..\obj\stm32f4xx_hash_sha1.o
LOAD ..\obj\stm32f4xx_usart.o
LOAD ..\obj\stm32f4xx_pwr.o
LOAD ..\obj\stm32f4xx_can.o
LOAD ..\obj\stm32f4xx_wwdg.o
LOAD ..\obj\stm32f4xx_hash_md5.o
LOAD ..\obj\stm32f4xx_dac.o
LOAD ..\obj\startup_stm32f4xx.o
LOAD ..\obj\stm32f4_discovery.o
LOAD ..\obj\stm32f4xx_crc.o
LOAD ..\obj\usbd_hid_core.o
LOAD ..\obj\stm32f4xx_iwdg.o
LOAD ..\obj\usbd_core.o
LOAD ..\obj\main.o
LOAD ..\obj\stm32f4xx_rcc.o
LOAD ..\obj\stm32f4xx_it.o
LOAD ..\obj\stm32f4xx_adc.o
LOAD ..\obj\stm32f4xx_dcmi.o
LOAD ..\obj\usbd_desc.o
LOAD ..\obj\stm32f4xx_cryp_des.o
LOAD ..\obj\stm32f4xx_cryp.o
LOAD ..\obj\stm32f4xx_fsmc.o
LOAD ..\obj\stm32f4xx_gpio.o
LOAD ..\obj\stm32f4xx_flash.o
LOAD ..\obj\system_stm32f4xx.o
LOAD ..\obj\stm32f4xx_dma.o
LOAD ..\obj\usb_bsp.o
LOAD ..\obj\usbd_req.o
LOAD ..\obj\usb_dcd_int.o
LOAD ..\obj\stm32f4xx_spi.o
LOAD ..\obj\stm32f4xx_i2c.o
LOAD ..\obj\stm32f4xx_rng.o
LOAD ..\obj\stm32f4xx_exti.o
LOAD ..\obj\misc.o
LOAD ..\obj\usb_dcd.o
LOAD ..\obj\stm32f4xx_rtc.o
LOAD ..\obj\usbd_ioreq.o
LOAD ..\obj\stm32f4xx_cryp_tdes.o
LOAD ..\obj\stm32f4xx_tim.o
LOAD ..\obj\stm32f4xx_dbgmcu.o
START GROUP
LOAD c:/program files (x86)/gnu tools arm embedded/4.9 2015q2/bin/../lib/gcc/arm-none-eabi/4.9.3/armv7e-m\libgcc.a
LOAD c:/program files (x86)/gnu tools arm embedded/4.9 2015q2/bin/../lib/gcc/arm-none-eabi/4.9.3/../../../../arm-none-eabi/lib/armv7e-m\libg.a
LOAD c:/program files (x86)/gnu tools arm embedded/4.9 2015q2/bin/../lib/gcc/arm-none-eabi/4.9.3/../../../../arm-none-eabi/lib/armv7e-m\libc.a
END GROUP
OUTPUT(usb_hid_3.elf elf32-littlearm)

.debug_info     0x00000000     0xff03
 .debug_info    0x00000000      0x26c ..\obj\stm32f4xx_syscfg.o
 .debug_info    0x0000026c     0x251b ..\obj\usb_core.o
 .debug_info    0x00002787      0x1a9 ..\obj\usbd_usr.o
 .debug_info    0x00002930      0x102 ..\obj\startup_stm32f4xx.o
 .debug_info    0x00002a32      0x889 ..\obj\stm32f4_discovery.o
 .debug_info    0x000032bb      0xd60 ..\obj\usbd_hid_core.o
 .debug_info    0x0000401b      0xe95 ..\obj\usbd_core.o
 .debug_info    0x00004eb0     0x137b ..\obj\main.o
 .debug_info    0x0000622b      0xc4d ..\obj\stm32f4xx_rcc.o
 .debug_info    0x00006e78      0xbf1 ..\obj\stm32f4xx_it.o
 .debug_info    0x00007a69      0xc38 ..\obj\stm32f4xx_adc.o
 .debug_info    0x000086a1      0x363 ..\obj\usbd_desc.o
 .debug_info    0x00008a04      0x602 ..\obj\stm32f4xx_gpio.o
 .debug_info    0x00009006      0x592 ..\obj\system_stm32f4xx.o
 .debug_info    0x00009598      0x739 ..\obj\stm32f4xx_dma.o
 .debug_info    0x00009cd1      0xfd2 ..\obj\usb_bsp.o
 .debug_info    0x0000aca3      0xf9b ..\obj\usbd_req.o
 .debug_info    0x0000bc3e     0x1d6d ..\obj\usb_dcd_int.o
 .debug_info    0x0000d9ab      0x347 ..\obj\stm32f4xx_exti.o
 .debug_info    0x0000dcf2      0x53d ..\obj\misc.o
 .debug_info    0x0000e22f     0x101d ..\obj\usb_dcd.o
 .debug_info    0x0000f24c      0xcb7 ..\obj\usbd_ioreq.o

.debug_abbrev   0x00000000     0x25d9
 .debug_abbrev  0x00000000      0x131 ..\obj\stm32f4xx_syscfg.o
 .debug_abbrev  0x00000131      0x2e7 ..\obj\usb_core.o
 .debug_abbrev  0x00000418       0xdd ..\obj\usbd_usr.o
 .debug_abbrev  0x000004f5       0xd1 ..\obj\startup_stm32f4xx.o
 .debug_abbrev  0x000005c6      0x183 ..\obj\stm32f4_discovery.o
 .debug_abbrev  0x00000749      0x20c ..\obj\usbd_hid_core.o
 .debug_abbrev  0x00000955      0x21d ..\obj\usbd_core.o
 .debug_abbrev  0x00000b72      0x221 ..\obj\main.o
 .debug_abbrev  0x00000d93      0x1e3 ..\obj\stm32f4xx_rcc.o
 .debug_abbrev  0x00000f76      0x182 ..\obj\stm32f4xx_it.o
 .debug_abbrev  0x000010f8      0x196 ..\obj\stm32f4xx_adc.o
 .debug_abbrev  0x0000128e      0x12c ..\obj\usbd_desc.o
 .debug_abbrev  0x000013ba      0x1a3 ..\obj\stm32f4xx_gpio.o
 .debug_abbrev  0x0000155d      0x136 ..\obj\system_stm32f4xx.o
 .debug_abbrev  0x00001693      0x155 ..\obj\stm32f4xx_dma.o
 .debug_abbrev  0x000017e8      0x211 ..\obj\usb_bsp.o
 .debug_abbrev  0x000019f9      0x293 ..\obj\usbd_req.o
 .debug_abbrev  0x00001c8c      0x25b ..\obj\usb_dcd_int.o
 .debug_abbrev  0x00001ee7      0x1a5 ..\obj\stm32f4xx_exti.o
 .debug_abbrev  0x0000208c      0x145 ..\obj\misc.o
 .debug_abbrev  0x000021d1      0x259 ..\obj\usb_dcd.o
 .debug_abbrev  0x0000242a      0x1af ..\obj\usbd_ioreq.o

.debug_aranges  0x00000000      0xac8
 .debug_aranges
                0x00000000       0x48 ..\obj\stm32f4xx_syscfg.o
 .debug_aranges
                0x00000048      0x138 ..\obj\usb_core.o
 .debug_aranges
                0x00000180       0x40 ..\obj\usbd_usr.o
 .debug_aranges
                0x000001c0       0x28 ..\obj\startup_stm32f4xx.o
 .debug_aranges
                0x000001e8       0x48 ..\obj\stm32f4_discovery.o
 .debug_aranges
                0x00000230       0x50 ..\obj\usbd_hid_core.o
 .debug_aranges
                0x00000280       0x80 ..\obj\usbd_core.o
 .debug_aranges
                0x00000300       0x30 ..\obj\main.o
 .debug_aranges
                0x00000330      0x178 ..\obj\stm32f4xx_rcc.o
 .debug_aranges
                0x000004a8       0x78 ..\obj\stm32f4xx_it.o
 .debug_aranges
                0x00000520      0x148 ..\obj\stm32f4xx_adc.o
 .debug_aranges
                0x00000668       0x50 ..\obj\usbd_desc.o
 .debug_aranges
                0x000006b8       0x88 ..\obj\stm32f4xx_gpio.o
 .debug_aranges
                0x00000740       0x30 ..\obj\system_stm32f4xx.o
 .debug_aranges
                0x00000770       0xb0 ..\obj\stm32f4xx_dma.o
 .debug_aranges
                0x00000820       0x38 ..\obj\usb_bsp.o
 .debug_aranges
                0x00000858       0x88 ..\obj\usbd_req.o
 .debug_aranges
                0x000008e0       0x80 ..\obj\usb_dcd_int.o
 .debug_aranges
                0x00000960       0x58 ..\obj\stm32f4xx_exti.o
 .debug_aranges
                0x000009b8       0x40 ..\obj\misc.o
 .debug_aranges
                0x000009f8       0x80 ..\obj\usb_dcd.o
 .debug_aranges
                0x00000a78       0x50 ..\obj\usbd_ioreq.o

.debug_ranges   0x00000000      0x968
 .debug_ranges  0x00000000       0x38 ..\obj\stm32f4xx_syscfg.o
 .debug_ranges  0x00000038      0x128 ..\obj\usb_core.o
 .debug_ranges  0x00000160       0x30 ..\obj\usbd_usr.o
 .debug_ranges  0x00000190       0x18 ..\obj\startup_stm32f4xx.o
 .debug_ranges  0x000001a8       0x38 ..\obj\stm32f4_discovery.o
 .debug_ranges  0x000001e0       0x40 ..\obj\usbd_hid_core.o
 .debug_ranges  0x00000220       0x70 ..\obj\usbd_core.o
 .debug_ranges  0x00000290       0x20 ..\obj\main.o
 .debug_ranges  0x000002b0      0x168 ..\obj\stm32f4xx_rcc.o
 .debug_ranges  0x00000418       0x68 ..\obj\stm32f4xx_it.o
 .debug_ranges  0x00000480      0x138 ..\obj\stm32f4xx_adc.o
 .debug_ranges  0x000005b8       0x40 ..\obj\usbd_desc.o
 .debug_ranges  0x000005f8       0x78 ..\obj\stm32f4xx_gpio.o
 .debug_ranges  0x00000670       0x20 ..\obj\system_stm32f4xx.o
 .debug_ranges  0x00000690       0xa0 ..\obj\stm32f4xx_dma.o
 .debug_ranges  0x00000730       0x28 ..\obj\usb_bsp.o
 .debug_ranges  0x00000758       0x78 ..\obj\usbd_req.o
 .debug_ranges  0x000007d0       0x70 ..\obj\usb_dcd_int.o
 .debug_ranges  0x00000840       0x48 ..\obj\stm32f4xx_exti.o
 .debug_ranges  0x00000888       0x30 ..\obj\misc.o
 .debug_ranges  0x000008b8       0x70 ..\obj\usb_dcd.o
 .debug_ranges  0x00000928       0x40 ..\obj\usbd_ioreq.o

.debug_line     0x00000000     0x4f36
 .debug_line    0x00000000      0x270 ..\obj\stm32f4xx_syscfg.o
 .debug_line    0x00000270      0x769 ..\obj\usb_core.o
 .debug_line    0x000009d9      0x221 ..\obj\usbd_usr.o
 .debug_line    0x00000bfa       0x95 ..\obj\startup_stm32f4xx.o
 .debug_line    0x00000c8f      0x2f4 ..\obj\stm32f4_discovery.o
 .debug_line    0x00000f83      0x321 ..\obj\usbd_hid_core.o
 .debug_line    0x000012a4      0x3e8 ..\obj\usbd_core.o
 .debug_line    0x0000168c      0x47d ..\obj\main.o
 .debug_line    0x00001b09      0x612 ..\obj\stm32f4xx_rcc.o
 .debug_line    0x0000211b      0x31e ..\obj\stm32f4xx_it.o
 .debug_line    0x00002439      0x5c3 ..\obj\stm32f4xx_adc.o
 .debug_line    0x000029fc      0x269 ..\obj\usbd_desc.o
 .debug_line    0x00002c65      0x3b4 ..\obj\stm32f4xx_gpio.o
 .debug_line    0x00003019      0x25b ..\obj\system_stm32f4xx.o
 .debug_line    0x00003274      0x44d ..\obj\stm32f4xx_dma.o
 .debug_line    0x000036c1      0x32b ..\obj\usb_bsp.o
 .debug_line    0x000039ec      0x4aa ..\obj\usbd_req.o
 .debug_line    0x00003e96      0x424 ..\obj\usb_dcd_int.o
 .debug_line    0x000042ba      0x316 ..\obj\stm32f4xx_exti.o
 .debug_line    0x000045d0      0x2b6 ..\obj\misc.o
 .debug_line    0x00004886      0x3b4 ..\obj\usb_dcd.o
 .debug_line    0x00004c3a      0x2fc ..\obj\usbd_ioreq.o

.debug_str      0x00000000     0x43b4
 .debug_str     0x00000000      0x2af ..\obj\stm32f4xx_syscfg.o
                                0x30d (size before relaxing)
 .debug_str     0x000002af     0x126b ..\obj\usb_core.o
                               0x16a3 (size before relaxing)
 .debug_str     0x0000151a       0xac ..\obj\usbd_usr.o
                                0x272 (size before relaxing)
 .debug_str     0x000015c6       0xad ..\obj\startup_stm32f4xx.o
                                0x144 (size before relaxing)
 .debug_str     0x00001673      0x9da ..\obj\stm32f4_discovery.o
                                0xb60 (size before relaxing)
 .debug_str     0x0000204d      0x1a5 ..\obj\usbd_hid_core.o
                                0xa70 (size before relaxing)
 .debug_str     0x000021f2      0x18b ..\obj\usbd_core.o
                                0xaf1 (size before relaxing)
 .debug_str     0x0000237d      0x389 ..\obj\main.o
                               0x140f (size before relaxing)
 .debug_str     0x00002706      0x69b ..\obj\stm32f4xx_rcc.o
                                0x869 (size before relaxing)
 .debug_str     0x00002da1      0x10d ..\obj\stm32f4xx_it.o
                                0xa1e (size before relaxing)
 .debug_str     0x00002eae      0x517 ..\obj\stm32f4xx_adc.o
                                0x81d (size before relaxing)
 .debug_str     0x000033c5      0x151 ..\obj\usbd_desc.o
                                0x380 (size before relaxing)
 .debug_str     0x00003516      0x1b6 ..\obj\stm32f4xx_gpio.o
                                0x4bc (size before relaxing)
 .debug_str     0x000036cc      0x107 ..\obj\system_stm32f4xx.o
                                0x3a4 (size before relaxing)
 .debug_str     0x000037d3      0x27a ..\obj\stm32f4xx_dma.o
                                0x55b (size before relaxing)
 .debug_str     0x00003a4d       0x9a ..\obj\usb_bsp.o
                               0x10c9 (size before relaxing)
 .debug_str     0x00003ae7      0x18f ..\obj\usbd_req.o
                                0xb1c (size before relaxing)
 .debug_str     0x00003c76      0x2a1 ..\obj\usb_dcd_int.o
                               0x12a1 (size before relaxing)
 .debug_str     0x00003f17      0x119 ..\obj\stm32f4xx_exti.o
                                0x372 (size before relaxing)
 .debug_str     0x00004030      0x173 ..\obj\misc.o
                                0x3e7 (size before relaxing)
 .debug_str     0x000041a3      0x127 ..\obj\usb_dcd.o
                                0xb43 (size before relaxing)
 .debug_str     0x000042ca       0xea ..\obj\usbd_ioreq.o
                                0x9db (size before relaxing)

.comment        0x00000000       0x70
 .comment       0x00000000       0x70 ..\obj\stm32f4xx_syscfg.o
                                 0x71 (size before relaxing)
 .comment       0x00000000       0x71 ..\obj\usb_core.o
 .comment       0x00000000       0x71 ..\obj\usbd_usr.o
 .comment       0x00000000       0x71 ..\obj\startup_stm32f4xx.o
 .comment       0x00000000       0x71 ..\obj\stm32f4_discovery.o
 .comment       0x00000000       0x71 ..\obj\usbd_hid_core.o
 .comment       0x00000000       0x71 ..\obj\usbd_core.o
 .comment       0x00000000       0x71 ..\obj\main.o
 .comment       0x00000000       0x71 ..\obj\stm32f4xx_rcc.o
 .comment       0x00000000       0x71 ..\obj\stm32f4xx_it.o
 .comment       0x00000000       0x71 ..\obj\stm32f4xx_adc.o
 .comment       0x00000000       0x71 ..\obj\usbd_desc.o
 .comment       0x00000000       0x71 ..\obj\stm32f4xx_gpio.o
 .comment       0x00000000       0x71 ..\obj\system_stm32f4xx.o
 .comment       0x00000000       0x71 ..\obj\stm32f4xx_dma.o
 .comment       0x00000000       0x71 ..\obj\usb_bsp.o
 .comment       0x00000000       0x71 ..\obj\usbd_req.o
 .comment       0x00000000       0x71 ..\obj\usb_dcd_int.o
 .comment       0x00000000       0x71 ..\obj\stm32f4xx_exti.o
 .comment       0x00000000       0x71 ..\obj\misc.o
 .comment       0x00000000       0x71 ..\obj\usb_dcd.o
 .comment       0x00000000       0x71 ..\obj\usbd_ioreq.o

.ARM.attributes
                0x00000000       0x33
 .ARM.attributes
                0x00000000       0x33 ..\obj\stm32f4xx_syscfg.o
 .ARM.attributes
                0x00000033       0x33 ..\obj\usb_core.o
 .ARM.attributes
                0x00000066       0x33 ..\obj\usbd_usr.o
 .ARM.attributes
                0x00000099       0x33 ..\obj\startup_stm32f4xx.o
 .ARM.attributes
                0x000000cc       0x33 ..\obj\stm32f4_discovery.o
 .ARM.attributes
                0x000000ff       0x33 ..\obj\usbd_hid_core.o
 .ARM.attributes
                0x00000132       0x33 ..\obj\usbd_core.o
 .ARM.attributes
                0x00000165       0x33 ..\obj\main.o
 .ARM.attributes
                0x00000198       0x33 ..\obj\stm32f4xx_rcc.o
 .ARM.attributes
                0x000001cb       0x33 ..\obj\stm32f4xx_it.o
 .ARM.attributes
                0x000001fe       0x33 ..\obj\stm32f4xx_adc.o
 .ARM.attributes
                0x00000231       0x33 ..\obj\usbd_desc.o
 .ARM.attributes
                0x00000264       0x33 ..\obj\stm32f4xx_gpio.o
 .ARM.attributes
                0x00000297       0x33 ..\obj\system_stm32f4xx.o
 .ARM.attributes
                0x000002ca       0x33 ..\obj\stm32f4xx_dma.o
 .ARM.attributes
                0x000002fd       0x33 ..\obj\usb_bsp.o
 .ARM.attributes
                0x00000330       0x33 ..\obj\usbd_req.o
 .ARM.attributes
                0x00000363       0x33 ..\obj\usb_dcd_int.o
 .ARM.attributes
                0x00000396       0x33 ..\obj\stm32f4xx_exti.o
 .ARM.attributes
                0x000003c9       0x33 ..\obj\misc.o
 .ARM.attributes
                0x000003fc       0x33 ..\obj\usb_dcd.o
 .ARM.attributes
                0x0000042f       0x33 ..\obj\usbd_ioreq.o

.debug_frame    0x00000000     0x2a90
 .debug_frame   0x00000000       0xf4 ..\obj\stm32f4xx_syscfg.o
 .debug_frame   0x000000f4      0x584 ..\obj\usb_core.o
 .debug_frame   0x00000678       0xb8 ..\obj\usbd_usr.o
 .debug_frame   0x00000730       0x4c ..\obj\startup_stm32f4xx.o
 .debug_frame   0x0000077c       0xf4 ..\obj\stm32f4_discovery.o
 .debug_frame   0x00000870      0x110 ..\obj\usbd_hid_core.o
 .debug_frame   0x00000980      0x1e8 ..\obj\usbd_core.o
 .debug_frame   0x00000b68       0x7c ..\obj\main.o
 .debug_frame   0x00000be4      0x6d4 ..\obj\stm32f4xx_rcc.o
 .debug_frame   0x000012b8      0x164 ..\obj\stm32f4xx_it.o
 .debug_frame   0x0000141c      0x5ec ..\obj\stm32f4xx_adc.o
 .debug_frame   0x00001a08      0x114 ..\obj\usbd_desc.o
 .debug_frame   0x00001b1c      0x23c ..\obj\stm32f4xx_gpio.o
 .debug_frame   0x00001d58       0x7c ..\obj\system_stm32f4xx.o
 .debug_frame   0x00001dd4      0x308 ..\obj\stm32f4xx_dma.o
 .debug_frame   0x000020dc       0xa4 ..\obj\usb_bsp.o
 .debug_frame   0x00002180      0x210 ..\obj\usbd_req.o
 .debug_frame   0x00002390      0x1e8 ..\obj\usb_dcd_int.o
 .debug_frame   0x00002578      0x148 ..\obj\stm32f4xx_exti.o
 .debug_frame   0x000026c0       0xd8 ..\obj\misc.o
 .debug_frame   0x00002798      0x1e8 ..\obj\usb_dcd.o
 .debug_frame   0x00002980      0x110 ..\obj\usbd_ioreq.o
